// Jest Snapshot v1, https://goo.gl/fbAQLP

exports[`[[ PinnableReportsList ]] renders the list of pinnable reports as menu items 1`] = `"<span class=\\"z-menu relative\\"><div class=\\"leading-none\\"><zbutton-stub button-type=\\"ghost\\" color=\\"vanilla-400\\" icon=\\"settings-2\\" size=\\"small\\" class=\\"v-popper--has-tooltip\\"></zbutton-stub></div> <!----></span>"`;
