// Jest Snapshot v1, https://goo.gl/fbAQLP

exports[`[[ CreateWebhookModal ]] renders CreateWebhookModal with the store 1`] = `
"<zmodal-stub title=\\"Add new endpoint\\">
  <fieldset class=\\"space-y-4 p-4\\"><label for=\\"title\\" class=\\"block text-sm font-medium text-vanilla-400\\"><span class=\\"sr-only mb-2\\">Endpoint URL</span>
      <zinput-stub id=\\"Title\\" placeholder=\\"URL of the endpoint\\" required=\\"true\\" value=\\"\\"></zinput-stub></label>
    <toggleinput-stub input-width=\\"xx-small\\" label=\\"Enable API signing\\" input-id=\\"enable-api-signing\\" remove-y-padding=\\"true\\" value=\\"true\\"></toggleinput-stub> <label for=\\"secret\\" class=\\"block text-sm font-medium text-vanilla-400\\"><span class=\\"sr-only mb-2\\">Secret</span>
      <div class=\\"relative\\">
        <zinput-stub id=\\"Title\\" value=\\"\\" type=\\"password\\" read-only=\\"true\\" required=\\"true\\" placeholder=\\"A randomly generated secret with at least 16 characters\\"></zinput-stub>
        <div class=\\"absolute right-1 top-1 flex gap-x-1 bg-ink-400\\">
          <zbutton-stub button-type=\\"secondary\\" icon=\\"eye\\" size=\\"small\\" disabled=\\"true\\" class=\\"v-popper--has-tooltip\\"></zbutton-stub>
          <zbutton-stub button-type=\\"secondary\\" icon=\\"refresh-cw\\" size=\\"small\\" class=\\"v-popper--has-tooltip\\"></zbutton-stub>
          <copybutton-stub icon-only=\\"true\\" disabled=\\"true\\" value=\\"\\" class=\\"v-popper--has-tooltip\\"></copybutton-stub>
        </div>
      </div></label>
  </fieldset>
  <section class=\\"space-y-2 p-4 pt-0\\">
    <h4 class=\\"text-sm font-medium text-vanilla-400\\">Select events</h4>
    <div class=\\"max-h-52 space-y-2 overflow-y-scroll\\"><label class=\\"block cursor-pointer rounded-md border p-3 border-slate-400\\">
        <div class=\\"mb-1 flex items-center\\">
          <z-checkbox value=\\"analysis_run.started\\" name=\\"analysis_run.started\\" size=\\"small\\"></z-checkbox> <code class=\\"text-sm\\">analysis_run.started</code>
        </div>
        <p class=\\"ml-6 text-xs text-vanilla-400\\">This event is triggered when an analysis run is started.</p>
      </label><label class=\\"block cursor-pointer rounded-md border p-3 border-slate-400\\">
        <div class=\\"mb-1 flex items-center\\">
          <z-checkbox value=\\"analysis_run.updated\\" name=\\"analysis_run.updated\\" size=\\"small\\"></z-checkbox> <code class=\\"text-sm\\">analysis_run.updated</code>
        </div>
        <p class=\\"ml-6 text-xs text-vanilla-400\\">This event is triggered when an analysis run is updated.</p>
      </label><label class=\\"block cursor-pointer rounded-md border p-3 border-slate-400\\">
        <div class=\\"mb-1 flex items-center\\">
          <z-checkbox value=\\"repository_issue.introduced\\" name=\\"repository_issue.introduced\\" size=\\"small\\"></z-checkbox> <code class=\\"text-sm\\">repository_issue.introduced</code>
        </div>
        <p class=\\"ml-6 text-xs text-vanilla-400\\">This event is trigerred when an issue is introduced on the default branch.</p>
      </label></div>
  </section>
</zmodal-stub>"
`;
