// Jest Snapshot v1, https://goo.gl/fbAQLP

exports[`renders PriorityTypeSelect with all prop options: {"showFooter":false,"verboseTitle":false,"size":"","priority":""} 1`] = `"<z-menu width=\\"x-small\\" direction=\\"right\\"></z-menu>"`;

exports[`renders PriorityTypeSelect with all prop options: {"showFooter":false,"verboseTitle":false,"size":"","priority":"high"} 1`] = `"<z-menu width=\\"x-small\\" direction=\\"right\\"></z-menu>"`;

exports[`renders PriorityTypeSelect with all prop options: {"showFooter":false,"verboseTitle":false,"size":"","priority":"low"} 1`] = `"<z-menu width=\\"x-small\\" direction=\\"right\\"></z-menu>"`;

exports[`renders PriorityTypeSelect with all prop options: {"showFooter":false,"verboseTitle":false,"size":"","priority":"medium"} 1`] = `"<z-menu width=\\"x-small\\" direction=\\"right\\"></z-menu>"`;

exports[`renders PriorityTypeSelect with all prop options: {"showFooter":false,"verboseTitle":false,"size":"","priority":"noop"} 1`] = `"<z-menu width=\\"x-small\\" direction=\\"right\\"></z-menu>"`;

exports[`renders PriorityTypeSelect with all prop options: {"showFooter":false,"verboseTitle":false,"size":"large","priority":""} 1`] = `"<z-menu width=\\"x-small\\" direction=\\"right\\"></z-menu>"`;

exports[`renders PriorityTypeSelect with all prop options: {"showFooter":false,"verboseTitle":false,"size":"large","priority":"high"} 1`] = `"<z-menu width=\\"x-small\\" direction=\\"right\\"></z-menu>"`;

exports[`renders PriorityTypeSelect with all prop options: {"showFooter":false,"verboseTitle":false,"size":"large","priority":"low"} 1`] = `"<z-menu width=\\"x-small\\" direction=\\"right\\"></z-menu>"`;

exports[`renders PriorityTypeSelect with all prop options: {"showFooter":false,"verboseTitle":false,"size":"large","priority":"medium"} 1`] = `"<z-menu width=\\"x-small\\" direction=\\"right\\"></z-menu>"`;

exports[`renders PriorityTypeSelect with all prop options: {"showFooter":false,"verboseTitle":false,"size":"large","priority":"noop"} 1`] = `"<z-menu width=\\"x-small\\" direction=\\"right\\"></z-menu>"`;

exports[`renders PriorityTypeSelect with all prop options: {"showFooter":false,"verboseTitle":false,"size":"small","priority":""} 1`] = `"<z-menu width=\\"x-small\\" direction=\\"right\\"></z-menu>"`;

exports[`renders PriorityTypeSelect with all prop options: {"showFooter":false,"verboseTitle":false,"size":"small","priority":"high"} 1`] = `"<z-menu width=\\"x-small\\" direction=\\"right\\"></z-menu>"`;

exports[`renders PriorityTypeSelect with all prop options: {"showFooter":false,"verboseTitle":false,"size":"small","priority":"low"} 1`] = `"<z-menu width=\\"x-small\\" direction=\\"right\\"></z-menu>"`;

exports[`renders PriorityTypeSelect with all prop options: {"showFooter":false,"verboseTitle":false,"size":"small","priority":"medium"} 1`] = `"<z-menu width=\\"x-small\\" direction=\\"right\\"></z-menu>"`;

exports[`renders PriorityTypeSelect with all prop options: {"showFooter":false,"verboseTitle":false,"size":"small","priority":"noop"} 1`] = `"<z-menu width=\\"x-small\\" direction=\\"right\\"></z-menu>"`;

exports[`renders PriorityTypeSelect with all prop options: {"showFooter":false,"verboseTitle":true,"size":"","priority":""} 1`] = `"<z-menu width=\\"x-small\\" direction=\\"right\\"></z-menu>"`;

exports[`renders PriorityTypeSelect with all prop options: {"showFooter":false,"verboseTitle":true,"size":"","priority":"high"} 1`] = `"<z-menu width=\\"x-small\\" direction=\\"right\\"></z-menu>"`;

exports[`renders PriorityTypeSelect with all prop options: {"showFooter":false,"verboseTitle":true,"size":"","priority":"low"} 1`] = `"<z-menu width=\\"x-small\\" direction=\\"right\\"></z-menu>"`;

exports[`renders PriorityTypeSelect with all prop options: {"showFooter":false,"verboseTitle":true,"size":"","priority":"medium"} 1`] = `"<z-menu width=\\"x-small\\" direction=\\"right\\"></z-menu>"`;

exports[`renders PriorityTypeSelect with all prop options: {"showFooter":false,"verboseTitle":true,"size":"","priority":"noop"} 1`] = `"<z-menu width=\\"x-small\\" direction=\\"right\\"></z-menu>"`;

exports[`renders PriorityTypeSelect with all prop options: {"showFooter":false,"verboseTitle":true,"size":"large","priority":""} 1`] = `"<z-menu width=\\"x-small\\" direction=\\"right\\"></z-menu>"`;

exports[`renders PriorityTypeSelect with all prop options: {"showFooter":false,"verboseTitle":true,"size":"large","priority":"high"} 1`] = `"<z-menu width=\\"x-small\\" direction=\\"right\\"></z-menu>"`;

exports[`renders PriorityTypeSelect with all prop options: {"showFooter":false,"verboseTitle":true,"size":"large","priority":"low"} 1`] = `"<z-menu width=\\"x-small\\" direction=\\"right\\"></z-menu>"`;

exports[`renders PriorityTypeSelect with all prop options: {"showFooter":false,"verboseTitle":true,"size":"large","priority":"medium"} 1`] = `"<z-menu width=\\"x-small\\" direction=\\"right\\"></z-menu>"`;

exports[`renders PriorityTypeSelect with all prop options: {"showFooter":false,"verboseTitle":true,"size":"large","priority":"noop"} 1`] = `"<z-menu width=\\"x-small\\" direction=\\"right\\"></z-menu>"`;

exports[`renders PriorityTypeSelect with all prop options: {"showFooter":false,"verboseTitle":true,"size":"small","priority":""} 1`] = `"<z-menu width=\\"x-small\\" direction=\\"right\\"></z-menu>"`;

exports[`renders PriorityTypeSelect with all prop options: {"showFooter":false,"verboseTitle":true,"size":"small","priority":"high"} 1`] = `"<z-menu width=\\"x-small\\" direction=\\"right\\"></z-menu>"`;

exports[`renders PriorityTypeSelect with all prop options: {"showFooter":false,"verboseTitle":true,"size":"small","priority":"low"} 1`] = `"<z-menu width=\\"x-small\\" direction=\\"right\\"></z-menu>"`;

exports[`renders PriorityTypeSelect with all prop options: {"showFooter":false,"verboseTitle":true,"size":"small","priority":"medium"} 1`] = `"<z-menu width=\\"x-small\\" direction=\\"right\\"></z-menu>"`;

exports[`renders PriorityTypeSelect with all prop options: {"showFooter":false,"verboseTitle":true,"size":"small","priority":"noop"} 1`] = `"<z-menu width=\\"x-small\\" direction=\\"right\\"></z-menu>"`;

exports[`renders PriorityTypeSelect with all prop options: {"showFooter":true,"verboseTitle":false,"size":"","priority":""} 1`] = `"<z-menu width=\\"x-small\\" direction=\\"right\\"></z-menu>"`;

exports[`renders PriorityTypeSelect with all prop options: {"showFooter":true,"verboseTitle":false,"size":"","priority":"high"} 1`] = `"<z-menu width=\\"x-small\\" direction=\\"right\\"></z-menu>"`;

exports[`renders PriorityTypeSelect with all prop options: {"showFooter":true,"verboseTitle":false,"size":"","priority":"low"} 1`] = `"<z-menu width=\\"x-small\\" direction=\\"right\\"></z-menu>"`;

exports[`renders PriorityTypeSelect with all prop options: {"showFooter":true,"verboseTitle":false,"size":"","priority":"medium"} 1`] = `"<z-menu width=\\"x-small\\" direction=\\"right\\"></z-menu>"`;

exports[`renders PriorityTypeSelect with all prop options: {"showFooter":true,"verboseTitle":false,"size":"","priority":"noop"} 1`] = `"<z-menu width=\\"x-small\\" direction=\\"right\\"></z-menu>"`;

exports[`renders PriorityTypeSelect with all prop options: {"showFooter":true,"verboseTitle":false,"size":"large","priority":""} 1`] = `"<z-menu width=\\"x-small\\" direction=\\"right\\"></z-menu>"`;

exports[`renders PriorityTypeSelect with all prop options: {"showFooter":true,"verboseTitle":false,"size":"large","priority":"high"} 1`] = `"<z-menu width=\\"x-small\\" direction=\\"right\\"></z-menu>"`;

exports[`renders PriorityTypeSelect with all prop options: {"showFooter":true,"verboseTitle":false,"size":"large","priority":"low"} 1`] = `"<z-menu width=\\"x-small\\" direction=\\"right\\"></z-menu>"`;

exports[`renders PriorityTypeSelect with all prop options: {"showFooter":true,"verboseTitle":false,"size":"large","priority":"medium"} 1`] = `"<z-menu width=\\"x-small\\" direction=\\"right\\"></z-menu>"`;

exports[`renders PriorityTypeSelect with all prop options: {"showFooter":true,"verboseTitle":false,"size":"large","priority":"noop"} 1`] = `"<z-menu width=\\"x-small\\" direction=\\"right\\"></z-menu>"`;

exports[`renders PriorityTypeSelect with all prop options: {"showFooter":true,"verboseTitle":false,"size":"small","priority":""} 1`] = `"<z-menu width=\\"x-small\\" direction=\\"right\\"></z-menu>"`;

exports[`renders PriorityTypeSelect with all prop options: {"showFooter":true,"verboseTitle":false,"size":"small","priority":"high"} 1`] = `"<z-menu width=\\"x-small\\" direction=\\"right\\"></z-menu>"`;

exports[`renders PriorityTypeSelect with all prop options: {"showFooter":true,"verboseTitle":false,"size":"small","priority":"low"} 1`] = `"<z-menu width=\\"x-small\\" direction=\\"right\\"></z-menu>"`;

exports[`renders PriorityTypeSelect with all prop options: {"showFooter":true,"verboseTitle":false,"size":"small","priority":"medium"} 1`] = `"<z-menu width=\\"x-small\\" direction=\\"right\\"></z-menu>"`;

exports[`renders PriorityTypeSelect with all prop options: {"showFooter":true,"verboseTitle":false,"size":"small","priority":"noop"} 1`] = `"<z-menu width=\\"x-small\\" direction=\\"right\\"></z-menu>"`;

exports[`renders PriorityTypeSelect with all prop options: {"showFooter":true,"verboseTitle":true,"size":"","priority":""} 1`] = `"<z-menu width=\\"x-small\\" direction=\\"right\\"></z-menu>"`;

exports[`renders PriorityTypeSelect with all prop options: {"showFooter":true,"verboseTitle":true,"size":"","priority":"high"} 1`] = `"<z-menu width=\\"x-small\\" direction=\\"right\\"></z-menu>"`;

exports[`renders PriorityTypeSelect with all prop options: {"showFooter":true,"verboseTitle":true,"size":"","priority":"low"} 1`] = `"<z-menu width=\\"x-small\\" direction=\\"right\\"></z-menu>"`;

exports[`renders PriorityTypeSelect with all prop options: {"showFooter":true,"verboseTitle":true,"size":"","priority":"medium"} 1`] = `"<z-menu width=\\"x-small\\" direction=\\"right\\"></z-menu>"`;

exports[`renders PriorityTypeSelect with all prop options: {"showFooter":true,"verboseTitle":true,"size":"","priority":"noop"} 1`] = `"<z-menu width=\\"x-small\\" direction=\\"right\\"></z-menu>"`;

exports[`renders PriorityTypeSelect with all prop options: {"showFooter":true,"verboseTitle":true,"size":"large","priority":""} 1`] = `"<z-menu width=\\"x-small\\" direction=\\"right\\"></z-menu>"`;

exports[`renders PriorityTypeSelect with all prop options: {"showFooter":true,"verboseTitle":true,"size":"large","priority":"high"} 1`] = `"<z-menu width=\\"x-small\\" direction=\\"right\\"></z-menu>"`;

exports[`renders PriorityTypeSelect with all prop options: {"showFooter":true,"verboseTitle":true,"size":"large","priority":"low"} 1`] = `"<z-menu width=\\"x-small\\" direction=\\"right\\"></z-menu>"`;

exports[`renders PriorityTypeSelect with all prop options: {"showFooter":true,"verboseTitle":true,"size":"large","priority":"medium"} 1`] = `"<z-menu width=\\"x-small\\" direction=\\"right\\"></z-menu>"`;

exports[`renders PriorityTypeSelect with all prop options: {"showFooter":true,"verboseTitle":true,"size":"large","priority":"noop"} 1`] = `"<z-menu width=\\"x-small\\" direction=\\"right\\"></z-menu>"`;

exports[`renders PriorityTypeSelect with all prop options: {"showFooter":true,"verboseTitle":true,"size":"small","priority":""} 1`] = `"<z-menu width=\\"x-small\\" direction=\\"right\\"></z-menu>"`;

exports[`renders PriorityTypeSelect with all prop options: {"showFooter":true,"verboseTitle":true,"size":"small","priority":"high"} 1`] = `"<z-menu width=\\"x-small\\" direction=\\"right\\"></z-menu>"`;

exports[`renders PriorityTypeSelect with all prop options: {"showFooter":true,"verboseTitle":true,"size":"small","priority":"low"} 1`] = `"<z-menu width=\\"x-small\\" direction=\\"right\\"></z-menu>"`;

exports[`renders PriorityTypeSelect with all prop options: {"showFooter":true,"verboseTitle":true,"size":"small","priority":"medium"} 1`] = `"<z-menu width=\\"x-small\\" direction=\\"right\\"></z-menu>"`;

exports[`renders PriorityTypeSelect with all prop options: {"showFooter":true,"verboseTitle":true,"size":"small","priority":"noop"} 1`] = `"<z-menu width=\\"x-small\\" direction=\\"right\\"></z-menu>"`;
